
[1m[30m[46m RUN [49m[39m[22m [36mv4.1.8 [39m[90mC:/Programming/BeezTech/Edubrige[39m

[90mstdout[2m | src/test/FeedbackInbox.test.tsx[2m > [22m[2mFeedbackInbox Page[2m > [22m[2mshould parse feedback comment, hide survey text from inbox, and show View Survey details popup on click
[22m[39mMock Dialog rendered. Open prop is: [33mfalse[39m
Mock Dialog rendered. Open prop is: [33mfalse[39m

[90mstdout[2m | src/test/FeedbackInbox.test.tsx[2m > [22m[2mFeedbackInbox Page[2m > [22m[2mshould parse feedback comment, hide survey text from inbox, and show View Survey details popup on click
[22m[39mMock Dialog rendered. Open prop is: [33mfalse[39m
Mock Dialog rendered. Open prop is: [33mfalse[39m

[90mstdout[2m | src/test/FeedbackInbox.test.tsx[2m > [22m[2mFeedbackInbox Page[2m > [22m[2mshould parse feedback comment, hide survey text from inbox, and show View Survey details popup on click
[22m[39mMock Dialog rendered. Open prop is: [33mfalse[39m
Mock Dialog rendered. Open prop is: [33mtrue[39m
Mock DialogContent rendered.

 [31mÔØ»[39m src/test/FeedbackInbox.test.tsx [2m([22m[2m1 test[22m[2m | [22m[31m1 failed[39m[2m)[22m[33m 1087[2mms[22m[39m
[31m     [31m├ù[31m should parse feedback comment, hide survey text from inbox, and show View Survey details popup on click[39m[33m 1085[2mms[22m[39m

[2m Test Files [22m [1m[31m1 failed[39m[22m[90m (1)[39m
[2m      Tests [22m [1m[31m1 failed[39m[22m[90m (1)[39m
[2m   Start at [22m 21:42:13
[2m   Duration [22m 2.00s[2m (transform 122ms, setup 75ms, import 397ms, tests 1.09s, environment 309ms)[22m

